MPLINK 5.01, LINKER
Linker Map File - Created Thu Jul 17 13:14:27 2014

                                 Section Info
                  Section       Type    Address   Location Size(Bytes)
                ---------  ---------  ---------  ---------  ---------
                   .org_0       code   0x000000    program   0x000002
                   .cinit    romdata   0x000001    program   0x000004
                   .org_1       code   0x000004    program   0x0007f8
.config_8007_BUILD/DEFAULT/PRODUCTION/MAIN.O       code   0x008007    program   0x000002
.config_8008_BUILD/DEFAULT/PRODUCTION/MAIN.O       code   0x008008    program   0x000002
               .udata_shr      udata   0x000070       data   0x00000f
                    bank7      udata   0x0003a0       data   0x00000a
                    bank8      udata   0x000420       data   0x000002



                              Program Memory Usage 
                               Start         End      
                           ---------   ---------      
                            0x000000    0x000002      
                            0x000004    0x0003ff      
                            0x008007    0x008008      
            1025 out of 8199 program addresses used, program memory utilization is 12%



                              Symbols - Sorted by Name
                     Name    Address   Location    Storage File                     
                ---------  ---------  ---------  --------- ---------                
     ClassSpecificRequest   0x000217    program     static E:\Pic_Projects\MPLABXProjects\USB.X\Main.asm
     ClearEndpointFeature   0x000211    program     static E:\Pic_Projects\MPLABXProjects\USB.X\Main.asm
             ClearFeature   0x0001aa    program     static E:\Pic_Projects\MPLABXProjects\USB.X\Main.asm
    ClearInterfaceFeature   0x0001ec    program     static E:\Pic_Projects\MPLABXProjects\USB.X\Main.asm
  ConfigurationDescriptor   0x0002ef    program     static E:\Pic_Projects\MPLABXProjects\USB.X\Descriptors.inc
         DeviceDescriptor   0x0002c8    program     static E:\Pic_Projects\MPLABXProjects\USB.X\Descriptors.inc
             DeviceToHost   0x000148    program     static E:\Pic_Projects\MPLABXProjects\USB.X\Main.asm
                   EP0_In   0x000107    program     static E:\Pic_Projects\MPLABXProjects\USB.X\Main.asm
                  EP0_Out   0x0000f9    program     static E:\Pic_Projects\MPLABXProjects\USB.X\Main.asm
                   EP1_In   0x00027e    program     static E:\Pic_Projects\MPLABXProjects\USB.X\Main.asm
                  EP1_Out   0x000281    program     static E:\Pic_Projects\MPLABXProjects\USB.X\Main.asm
                     EP_0   0x0000f5    program     static E:\Pic_Projects\MPLABXProjects\USB.X\Main.asm
                     EP_1   0x000279    program     static E:\Pic_Projects\MPLABXProjects\USB.X\Main.asm
    Endpoint1InDescriptor   0x000320    program     static E:\Pic_Projects\MPLABXProjects\USB.X\Descriptors.inc
   Endpoint1OutDescriptor   0x000331    program     static E:\Pic_Projects\MPLABXProjects\USB.X\Descriptors.inc
       EndpointDescriptor   0x00031d    program     static E:\Pic_Projects\MPLABXProjects\USB.X\Descriptors.inc
           EndpointToHost   0x000180    program     static E:\Pic_Projects\MPLABXProjects\USB.X\Main.asm
             EpSynchFrame   0x000215    program     static E:\Pic_Projects\MPLABXProjects\USB.X\Main.asm
         GetConfiguration   0x0001c1    program     static E:\Pic_Projects\MPLABXProjects\USB.X\Main.asm
            GetDescriptor   0x000285    program     static E:\Pic_Projects\MPLABXProjects\USB.X\Descriptors.inc
        GetEndpointStatus   0x000205    program     static E:\Pic_Projects\MPLABXProjects\USB.X\Main.asm
                  GetIdle   0x000253    program     static E:\Pic_Projects\MPLABXProjects\USB.X\Main.asm
             GetInterface   0x0001f2    program     static E:\Pic_Projects\MPLABXProjects\USB.X\Main.asm
       GetInterfaceStatus   0x0001e0    program     static E:\Pic_Projects\MPLABXProjects\USB.X\Main.asm
              GetProtocol   0x000255    program     static E:\Pic_Projects\MPLABXProjects\USB.X\Main.asm
                GetReport   0x000232    program     static E:\Pic_Projects\MPLABXProjects\USB.X\Main.asm
                GetStatus   0x00019e    program     static E:\Pic_Projects\MPLABXProjects\USB.X\Main.asm
            HIDDescriptor   0x0003a4    program     static E:\Pic_Projects\MPLABXProjects\USB.X\Descriptors.inc
             HostToDevice   0x000131    program     static E:\Pic_Projects\MPLABXProjects\USB.X\Main.asm
           HostToEndpoint   0x000175    program     static E:\Pic_Projects\MPLABXProjects\USB.X\Main.asm
          HostToInterface   0x000157    program     static E:\Pic_Projects\MPLABXProjects\USB.X\Main.asm
                     Idle   0x000074    program     static E:\Pic_Projects\MPLABXProjects\USB.X\Main.asm
                       In   0x000190    program     static E:\Pic_Projects\MPLABXProjects\USB.X\Main.asm
                  InitUSB   0x000024    program     static E:\Pic_Projects\MPLABXProjects\USB.X\Main.asm
                Init_TMR2   0x0000cc    program     static E:\Pic_Projects\MPLABXProjects\USB.X\Main.asm
      InterfaceDescriptor   0x000308    program     static E:\Pic_Projects\MPLABXProjects\USB.X\Descriptors.inc
          InterfaceToHost   0x000166    program     static E:\Pic_Projects\MPLABXProjects\USB.X\Main.asm
                  LED_Off   0x000021    program     static E:\Pic_Projects\MPLABXProjects\USB.X\Main.asm
                   LED_On   0x00001e    program     static E:\Pic_Projects\MPLABXProjects\USB.X\Main.asm
                     Main   0x0000d4    program     static E:\Pic_Projects\MPLABXProjects\USB.X\Main.asm
                      Out   0x000196    program     static E:\Pic_Projects\MPLABXProjects\USB.X\Main.asm
         ReportDescriptor   0x0003b9    program     static E:\Pic_Projects\MPLABXProjects\USB.X\Descriptors.inc
       Reset_EP0_InBuffer   0x000091    program     static E:\Pic_Projects\MPLABXProjects\USB.X\Main.asm
      Reset_EP0_OutBuffer   0x00008a    program     static E:\Pic_Projects\MPLABXProjects\USB.X\Main.asm
       Reset_EP1_InBuffer   0x00009f    program     static E:\Pic_Projects\MPLABXProjects\USB.X\Main.asm
      Reset_EP1_OutBuffer   0x000098    program     static E:\Pic_Projects\MPLABXProjects\USB.X\Main.asm
                 SendData   0x0000c0    program     static E:\Pic_Projects\MPLABXProjects\USB.X\Main.asm
            Send_0Len_pkt   0x0000b6    program     static E:\Pic_Projects\MPLABXProjects\USB.X\Main.asm
               ServiceUSB   0x0000f0    program     static E:\Pic_Projects\MPLABXProjects\USB.X\Main.asm
               SetAddress   0x0001ae    program     static E:\Pic_Projects\MPLABXProjects\USB.X\Main.asm
         SetConfiguration   0x0001cf    program     static E:\Pic_Projects\MPLABXProjects\USB.X\Main.asm
            SetDescriptor   0x0001bf    program     static E:\Pic_Projects\MPLABXProjects\USB.X\Main.asm
       SetEndpointFeature   0x000213    program     static E:\Pic_Projects\MPLABXProjects\USB.X\Main.asm
               SetFeature   0x0001ac    program     static E:\Pic_Projects\MPLABXProjects\USB.X\Main.asm
                  SetIdle   0x000260    program     static E:\Pic_Projects\MPLABXProjects\USB.X\Main.asm
             SetInterface   0x000203    program     static E:\Pic_Projects\MPLABXProjects\USB.X\Main.asm
      SetInterfaceFeature   0x0001ee    program     static E:\Pic_Projects\MPLABXProjects\USB.X\Main.asm
              SetProtocol   0x000262    program     static E:\Pic_Projects\MPLABXProjects\USB.X\Main.asm
                SetReport   0x000257    program     static E:\Pic_Projects\MPLABXProjects\USB.X\Main.asm
                    Setup   0x000111    program     static E:\Pic_Projects\MPLABXProjects\USB.X\Main.asm
       Stall_EP0_InBuffer   0x0000aa    program     static E:\Pic_Projects\MPLABXProjects\USB.X\Main.asm
      Stall_EP0_OutBuffer   0x0000a6    program     static E:\Pic_Projects\MPLABXProjects\USB.X\Main.asm
       Stall_EP1_InBuffer   0x0000b2    program     static E:\Pic_Projects\MPLABXProjects\USB.X\Main.asm
      Stall_EP1_OutBuffer   0x0000ae    program     static E:\Pic_Projects\MPLABXProjects\USB.X\Main.asm
              StoreReport   0x00025a    program     static E:\Pic_Projects\MPLABXProjects\USB.X\Main.asm
                  String0   0x00034f    program     static E:\Pic_Projects\MPLABXProjects\USB.X\Descriptors.inc
                  String1   0x00035a    program     static E:\Pic_Projects\MPLABXProjects\USB.X\Descriptors.inc
                  String2   0x00037d    program     static E:\Pic_Projects\MPLABXProjects\USB.X\Descriptors.inc
         StringDescriptor   0x000342    program     static E:\Pic_Projects\MPLABXProjects\USB.X\Descriptors.inc
                 USBReset   0x000060    program     static E:\Pic_Projects\MPLABXProjects\USB.X\Main.asm
                WriteAddr   0x0001b6    program     static E:\Pic_Projects\MPLABXProjects\USB.X\Main.asm
             _.org_1_007E   0x00007e    program     static E:\Pic_Projects\MPLABXProjects\USB.X\Main.asm
                   act_cf   0x000082    program     static E:\Pic_Projects\MPLABXProjects\USB.X\Main.asm
               configured   0x0001d7    program     static E:\Pic_Projects\MPLABXProjects\USB.X\Main.asm
                      err   0x000011    program     static E:\Pic_Projects\MPLABXProjects\USB.X\Main.asm
                 exit_int   0x000019    program     static E:\Pic_Projects\MPLABXProjects\USB.X\Main.asm
              fallthrough   0x000231    program     static E:\Pic_Projects\MPLABXProjects\USB.X\Main.asm
         getFeatureReport   0x000251    program     static E:\Pic_Projects\MPLABXProjects\USB.X\Main.asm
           getInputReport   0x000246    program     static E:\Pic_Projects\MPLABXProjects\USB.X\Main.asm
                     idle   0x000013    program     static E:\Pic_Projects\MPLABXProjects\USB.X\Main.asm
          ifGetDescriptor   0x0001f0    program     static E:\Pic_Projects\MPLABXProjects\USB.X\Main.asm
                  loop_bk   0x0000e2    program     static E:\Pic_Projects\MPLABXProjects\USB.X\Main.asm
                   pll_bk   0x000057    program     static E:\Pic_Projects\MPLABXProjects\USB.X\Main.asm
                     rset   0x000017    program     static E:\Pic_Projects\MPLABXProjects\USB.X\Main.asm
                   se0_bk   0x00005c    program     static E:\Pic_Projects\MPLABXProjects\USB.X\Main.asm
                    sendD   0x0002b7    program     static E:\Pic_Projects\MPLABXProjects\USB.X\Descriptors.inc
          send_bAlternate   0x0001f9    program     static E:\Pic_Projects\MPLABXProjects\USB.X\Main.asm
            send_data_int   0x000264    program     static E:\Pic_Projects\MPLABXProjects\USB.X\Main.asm
                  su_exit   0x00018b    program     static E:\Pic_Projects\MPLABXProjects\USB.X\Main.asm
                  tranCom   0x000015    program     static E:\Pic_Projects\MPLABXProjects\USB.X\Main.asm
                   unSupp   0x0002b3    program     static E:\Pic_Projects\MPLABXProjects\USB.X\Descriptors.inc
                     ADDR   0x000072       data     static E:\Pic_Projects\MPLABXProjects\USB.X\Main.asm
                   COUNT0   0x00007c       data     static E:\Pic_Projects\MPLABXProjects\USB.X\Main.asm
                   COUNT1   0x00007d       data     static E:\Pic_Projects\MPLABXProjects\USB.X\Main.asm
             Data_wLength   0x000075       data     static E:\Pic_Projects\MPLABXProjects\USB.X\Main.asm
          DescriptorIndex   0x000077       data     static E:\Pic_Projects\MPLABXProjects\USB.X\Main.asm
         DescriptorLength   0x000078       data     static E:\Pic_Projects\MPLABXProjects\USB.X\Main.asm
           DescriptorType   0x000076       data     static E:\Pic_Projects\MPLABXProjects\USB.X\Main.asm
             Device_State   0x000070       data     static E:\Pic_Projects\MPLABXProjects\USB.X\Main.asm
              EP1_dev_req   0x00007b       data     static E:\Pic_Projects\MPLABXProjects\USB.X\Main.asm
                       IN   0x000079       data     static E:\Pic_Projects\MPLABXProjects\USB.X\Main.asm
                     LEDS   0x0003a7       data     static E:\Pic_Projects\MPLABXProjects\USB.X\Main.asm
               MaskedInts   0x000071       data     static E:\Pic_Projects\MPLABXProjects\USB.X\Main.asm
                      OUT   0x00007a       data     static E:\Pic_Projects\MPLABXProjects\USB.X\Main.asm
                      PID   0x000074       data     static E:\Pic_Projects\MPLABXProjects\USB.X\Main.asm
                       S0   0x000421       data     static E:\Pic_Projects\MPLABXProjects\USB.X\Main.asm
                       SC   0x000420       data     static E:\Pic_Projects\MPLABXProjects\USB.X\Main.asm
                    TEMP0   0x0003a4       data     static E:\Pic_Projects\MPLABXProjects\USB.X\Main.asm
                    TEMP1   0x0003a5       data     static E:\Pic_Projects\MPLABXProjects\USB.X\Main.asm
                    TEMP2   0x0003a6       data     static E:\Pic_Projects\MPLABXProjects\USB.X\Main.asm
                   TOGGLE   0x00007e       data     static E:\Pic_Projects\MPLABXProjects\USB.X\Main.asm
              USB_dev_req   0x000073       data     static E:\Pic_Projects\MPLABXProjects\USB.X\Main.asm
                  bConfig   0x0003a0       data     static E:\Pic_Projects\MPLABXProjects\USB.X\Main.asm
                   num_gd   0x0003a2       data     static E:\Pic_Projects\MPLABXProjects\USB.X\Main.asm
                  num_rst   0x0003a1       data     static E:\Pic_Projects\MPLABXProjects\USB.X\Main.asm
                   num_sa   0x0003a3       data     static E:\Pic_Projects\MPLABXProjects\USB.X\Main.asm
                       tc   0x0003a8       data     static E:\Pic_Projects\MPLABXProjects\USB.X\Main.asm
                     test   0x0003a9       data     static E:\Pic_Projects\MPLABXProjects\USB.X\Main.asm



                              Symbols - Sorted by Address
                     Name    Address   Location    Storage File                     
                ---------  ---------  ---------  --------- ---------                
                      err   0x000011    program     static E:\Pic_Projects\MPLABXProjects\USB.X\Main.asm
                     idle   0x000013    program     static E:\Pic_Projects\MPLABXProjects\USB.X\Main.asm
                  tranCom   0x000015    program     static E:\Pic_Projects\MPLABXProjects\USB.X\Main.asm
                     rset   0x000017    program     static E:\Pic_Projects\MPLABXProjects\USB.X\Main.asm
                 exit_int   0x000019    program     static E:\Pic_Projects\MPLABXProjects\USB.X\Main.asm
                   LED_On   0x00001e    program     static E:\Pic_Projects\MPLABXProjects\USB.X\Main.asm
                  LED_Off   0x000021    program     static E:\Pic_Projects\MPLABXProjects\USB.X\Main.asm
                  InitUSB   0x000024    program     static E:\Pic_Projects\MPLABXProjects\USB.X\Main.asm
                   pll_bk   0x000057    program     static E:\Pic_Projects\MPLABXProjects\USB.X\Main.asm
                   se0_bk   0x00005c    program     static E:\Pic_Projects\MPLABXProjects\USB.X\Main.asm
                 USBReset   0x000060    program     static E:\Pic_Projects\MPLABXProjects\USB.X\Main.asm
                     Idle   0x000074    program     static E:\Pic_Projects\MPLABXProjects\USB.X\Main.asm
             _.org_1_007E   0x00007e    program     static E:\Pic_Projects\MPLABXProjects\USB.X\Main.asm
                   act_cf   0x000082    program     static E:\Pic_Projects\MPLABXProjects\USB.X\Main.asm
      Reset_EP0_OutBuffer   0x00008a    program     static E:\Pic_Projects\MPLABXProjects\USB.X\Main.asm
       Reset_EP0_InBuffer   0x000091    program     static E:\Pic_Projects\MPLABXProjects\USB.X\Main.asm
      Reset_EP1_OutBuffer   0x000098    program     static E:\Pic_Projects\MPLABXProjects\USB.X\Main.asm
       Reset_EP1_InBuffer   0x00009f    program     static E:\Pic_Projects\MPLABXProjects\USB.X\Main.asm
      Stall_EP0_OutBuffer   0x0000a6    program     static E:\Pic_Projects\MPLABXProjects\USB.X\Main.asm
       Stall_EP0_InBuffer   0x0000aa    program     static E:\Pic_Projects\MPLABXProjects\USB.X\Main.asm
      Stall_EP1_OutBuffer   0x0000ae    program     static E:\Pic_Projects\MPLABXProjects\USB.X\Main.asm
       Stall_EP1_InBuffer   0x0000b2    program     static E:\Pic_Projects\MPLABXProjects\USB.X\Main.asm
            Send_0Len_pkt   0x0000b6    program     static E:\Pic_Projects\MPLABXProjects\USB.X\Main.asm
                 SendData   0x0000c0    program     static E:\Pic_Projects\MPLABXProjects\USB.X\Main.asm
                Init_TMR2   0x0000cc    program     static E:\Pic_Projects\MPLABXProjects\USB.X\Main.asm
                     Main   0x0000d4    program     static E:\Pic_Projects\MPLABXProjects\USB.X\Main.asm
                  loop_bk   0x0000e2    program     static E:\Pic_Projects\MPLABXProjects\USB.X\Main.asm
               ServiceUSB   0x0000f0    program     static E:\Pic_Projects\MPLABXProjects\USB.X\Main.asm
                     EP_0   0x0000f5    program     static E:\Pic_Projects\MPLABXProjects\USB.X\Main.asm
                  EP0_Out   0x0000f9    program     static E:\Pic_Projects\MPLABXProjects\USB.X\Main.asm
                   EP0_In   0x000107    program     static E:\Pic_Projects\MPLABXProjects\USB.X\Main.asm
                    Setup   0x000111    program     static E:\Pic_Projects\MPLABXProjects\USB.X\Main.asm
             HostToDevice   0x000131    program     static E:\Pic_Projects\MPLABXProjects\USB.X\Main.asm
             DeviceToHost   0x000148    program     static E:\Pic_Projects\MPLABXProjects\USB.X\Main.asm
          HostToInterface   0x000157    program     static E:\Pic_Projects\MPLABXProjects\USB.X\Main.asm
          InterfaceToHost   0x000166    program     static E:\Pic_Projects\MPLABXProjects\USB.X\Main.asm
           HostToEndpoint   0x000175    program     static E:\Pic_Projects\MPLABXProjects\USB.X\Main.asm
           EndpointToHost   0x000180    program     static E:\Pic_Projects\MPLABXProjects\USB.X\Main.asm
                  su_exit   0x00018b    program     static E:\Pic_Projects\MPLABXProjects\USB.X\Main.asm
                       In   0x000190    program     static E:\Pic_Projects\MPLABXProjects\USB.X\Main.asm
                      Out   0x000196    program     static E:\Pic_Projects\MPLABXProjects\USB.X\Main.asm
                GetStatus   0x00019e    program     static E:\Pic_Projects\MPLABXProjects\USB.X\Main.asm
             ClearFeature   0x0001aa    program     static E:\Pic_Projects\MPLABXProjects\USB.X\Main.asm
               SetFeature   0x0001ac    program     static E:\Pic_Projects\MPLABXProjects\USB.X\Main.asm
               SetAddress   0x0001ae    program     static E:\Pic_Projects\MPLABXProjects\USB.X\Main.asm
                WriteAddr   0x0001b6    program     static E:\Pic_Projects\MPLABXProjects\USB.X\Main.asm
            SetDescriptor   0x0001bf    program     static E:\Pic_Projects\MPLABXProjects\USB.X\Main.asm
         GetConfiguration   0x0001c1    program     static E:\Pic_Projects\MPLABXProjects\USB.X\Main.asm
         SetConfiguration   0x0001cf    program     static E:\Pic_Projects\MPLABXProjects\USB.X\Main.asm
               configured   0x0001d7    program     static E:\Pic_Projects\MPLABXProjects\USB.X\Main.asm
       GetInterfaceStatus   0x0001e0    program     static E:\Pic_Projects\MPLABXProjects\USB.X\Main.asm
    ClearInterfaceFeature   0x0001ec    program     static E:\Pic_Projects\MPLABXProjects\USB.X\Main.asm
      SetInterfaceFeature   0x0001ee    program     static E:\Pic_Projects\MPLABXProjects\USB.X\Main.asm
          ifGetDescriptor   0x0001f0    program     static E:\Pic_Projects\MPLABXProjects\USB.X\Main.asm
             GetInterface   0x0001f2    program     static E:\Pic_Projects\MPLABXProjects\USB.X\Main.asm
          send_bAlternate   0x0001f9    program     static E:\Pic_Projects\MPLABXProjects\USB.X\Main.asm
             SetInterface   0x000203    program     static E:\Pic_Projects\MPLABXProjects\USB.X\Main.asm
        GetEndpointStatus   0x000205    program     static E:\Pic_Projects\MPLABXProjects\USB.X\Main.asm
     ClearEndpointFeature   0x000211    program     static E:\Pic_Projects\MPLABXProjects\USB.X\Main.asm
       SetEndpointFeature   0x000213    program     static E:\Pic_Projects\MPLABXProjects\USB.X\Main.asm
             EpSynchFrame   0x000215    program     static E:\Pic_Projects\MPLABXProjects\USB.X\Main.asm
     ClassSpecificRequest   0x000217    program     static E:\Pic_Projects\MPLABXProjects\USB.X\Main.asm
              fallthrough   0x000231    program     static E:\Pic_Projects\MPLABXProjects\USB.X\Main.asm
                GetReport   0x000232    program     static E:\Pic_Projects\MPLABXProjects\USB.X\Main.asm
           getInputReport   0x000246    program     static E:\Pic_Projects\MPLABXProjects\USB.X\Main.asm
         getFeatureReport   0x000251    program     static E:\Pic_Projects\MPLABXProjects\USB.X\Main.asm
                  GetIdle   0x000253    program     static E:\Pic_Projects\MPLABXProjects\USB.X\Main.asm
              GetProtocol   0x000255    program     static E:\Pic_Projects\MPLABXProjects\USB.X\Main.asm
                SetReport   0x000257    program     static E:\Pic_Projects\MPLABXProjects\USB.X\Main.asm
              StoreReport   0x00025a    program     static E:\Pic_Projects\MPLABXProjects\USB.X\Main.asm
                  SetIdle   0x000260    program     static E:\Pic_Projects\MPLABXProjects\USB.X\Main.asm
              SetProtocol   0x000262    program     static E:\Pic_Projects\MPLABXProjects\USB.X\Main.asm
            send_data_int   0x000264    program     static E:\Pic_Projects\MPLABXProjects\USB.X\Main.asm
                     EP_1   0x000279    program     static E:\Pic_Projects\MPLABXProjects\USB.X\Main.asm
                   EP1_In   0x00027e    program     static E:\Pic_Projects\MPLABXProjects\USB.X\Main.asm
                  EP1_Out   0x000281    program     static E:\Pic_Projects\MPLABXProjects\USB.X\Main.asm
            GetDescriptor   0x000285    program     static E:\Pic_Projects\MPLABXProjects\USB.X\Descriptors.inc
                   unSupp   0x0002b3    program     static E:\Pic_Projects\MPLABXProjects\USB.X\Descriptors.inc
                    sendD   0x0002b7    program     static E:\Pic_Projects\MPLABXProjects\USB.X\Descriptors.inc
         DeviceDescriptor   0x0002c8    program     static E:\Pic_Projects\MPLABXProjects\USB.X\Descriptors.inc
  ConfigurationDescriptor   0x0002ef    program     static E:\Pic_Projects\MPLABXProjects\USB.X\Descriptors.inc
      InterfaceDescriptor   0x000308    program     static E:\Pic_Projects\MPLABXProjects\USB.X\Descriptors.inc
       EndpointDescriptor   0x00031d    program     static E:\Pic_Projects\MPLABXProjects\USB.X\Descriptors.inc
    Endpoint1InDescriptor   0x000320    program     static E:\Pic_Projects\MPLABXProjects\USB.X\Descriptors.inc
   Endpoint1OutDescriptor   0x000331    program     static E:\Pic_Projects\MPLABXProjects\USB.X\Descriptors.inc
         StringDescriptor   0x000342    program     static E:\Pic_Projects\MPLABXProjects\USB.X\Descriptors.inc
                  String0   0x00034f    program     static E:\Pic_Projects\MPLABXProjects\USB.X\Descriptors.inc
                  String1   0x00035a    program     static E:\Pic_Projects\MPLABXProjects\USB.X\Descriptors.inc
                  String2   0x00037d    program     static E:\Pic_Projects\MPLABXProjects\USB.X\Descriptors.inc
            HIDDescriptor   0x0003a4    program     static E:\Pic_Projects\MPLABXProjects\USB.X\Descriptors.inc
         ReportDescriptor   0x0003b9    program     static E:\Pic_Projects\MPLABXProjects\USB.X\Descriptors.inc
             Device_State   0x000070       data     static E:\Pic_Projects\MPLABXProjects\USB.X\Main.asm
               MaskedInts   0x000071       data     static E:\Pic_Projects\MPLABXProjects\USB.X\Main.asm
                     ADDR   0x000072       data     static E:\Pic_Projects\MPLABXProjects\USB.X\Main.asm
              USB_dev_req   0x000073       data     static E:\Pic_Projects\MPLABXProjects\USB.X\Main.asm
                      PID   0x000074       data     static E:\Pic_Projects\MPLABXProjects\USB.X\Main.asm
             Data_wLength   0x000075       data     static E:\Pic_Projects\MPLABXProjects\USB.X\Main.asm
           DescriptorType   0x000076       data     static E:\Pic_Projects\MPLABXProjects\USB.X\Main.asm
          DescriptorIndex   0x000077       data     static E:\Pic_Projects\MPLABXProjects\USB.X\Main.asm
         DescriptorLength   0x000078       data     static E:\Pic_Projects\MPLABXProjects\USB.X\Main.asm
                       IN   0x000079       data     static E:\Pic_Projects\MPLABXProjects\USB.X\Main.asm
                      OUT   0x00007a       data     static E:\Pic_Projects\MPLABXProjects\USB.X\Main.asm
              EP1_dev_req   0x00007b       data     static E:\Pic_Projects\MPLABXProjects\USB.X\Main.asm
                   COUNT0   0x00007c       data     static E:\Pic_Projects\MPLABXProjects\USB.X\Main.asm
                   COUNT1   0x00007d       data     static E:\Pic_Projects\MPLABXProjects\USB.X\Main.asm
                   TOGGLE   0x00007e       data     static E:\Pic_Projects\MPLABXProjects\USB.X\Main.asm
                  bConfig   0x0003a0       data     static E:\Pic_Projects\MPLABXProjects\USB.X\Main.asm
                  num_rst   0x0003a1       data     static E:\Pic_Projects\MPLABXProjects\USB.X\Main.asm
                   num_gd   0x0003a2       data     static E:\Pic_Projects\MPLABXProjects\USB.X\Main.asm
                   num_sa   0x0003a3       data     static E:\Pic_Projects\MPLABXProjects\USB.X\Main.asm
                    TEMP0   0x0003a4       data     static E:\Pic_Projects\MPLABXProjects\USB.X\Main.asm
                    TEMP1   0x0003a5       data     static E:\Pic_Projects\MPLABXProjects\USB.X\Main.asm
                    TEMP2   0x0003a6       data     static E:\Pic_Projects\MPLABXProjects\USB.X\Main.asm
                     LEDS   0x0003a7       data     static E:\Pic_Projects\MPLABXProjects\USB.X\Main.asm
                       tc   0x0003a8       data     static E:\Pic_Projects\MPLABXProjects\USB.X\Main.asm
                     test   0x0003a9       data     static E:\Pic_Projects\MPLABXProjects\USB.X\Main.asm
                       SC   0x000420       data     static E:\Pic_Projects\MPLABXProjects\USB.X\Main.asm
                       S0   0x000421       data     static E:\Pic_Projects\MPLABXProjects\USB.X\Main.asm


